To honour the JVM settings for this build a single-use Daemon process will be forked. For more on this, please refer to https://docs.gradle.org/8.13/userguide/gradle_daemon.html#sec:disabling_the_daemon in the Gradle documentation.
Daemon will be stopped at the end of the build 

> Configure project :
-------------------------------------
NeoGradle detected a problem with your project: Run.getProgramArguments()
Details: The method getProgramArguments() is deprecated and will be removed in the future
Potential Solution: Use getArguments() instead of getProgramArguments()
More information: https://github.com/neoforged/NeoGradle/blob/NG_7.0/README.md#common-runs-configuration-types-configure-by-type
-------------------------------------

> Task :cacheVersionManifest1.21.4 UP-TO-DATE
> Task :cacheVersionExecutableClient1.21.4 UP-TO-DATE
> Task :cacheVersionExecutableServer1.21.4 UP-TO-DATE
> Task :cacheVersionMappingsClient1.21.4 UP-TO-DATE
> Task :cacheVersionMappingsServer1.21.4 UP-TO-DATE
> Task :neoFormListLibraries UP-TO-DATE
> Task :neoFormStripClient UP-TO-DATE
> Task :neoFormExtractServer UP-TO-DATE
> Task :neoFormStripServer UP-TO-DATE
> Task :neoFormMerge UP-TO-DATE
> Task :neoFormMergeMappings UP-TO-DATE
> Task :neoFormRename UP-TO-DATE
> Task :neoFormDecompile UP-TO-DATE
> Task :neoFormApplyForgesAccessTransformer UP-TO-DATE
> Task :neoFormInject UP-TO-DATE
> Task :neoFormPatch UP-TO-DATE
> Task :neoFormPatchUserDev UP-TO-DATE
> Task :neoFormApplyOfficialMappings UP-TO-DATE
> Task :neoFormUnzipAdditionalSources UP-TO-DATE
> Task :neoFormUnzipSources UP-TO-DATE
> Task :create1.21.4ClientExtraJar UP-TO-DATE
> Task :selectRawArtifactNg_dummy_ng.net.minecraft_client_1.21.4_client-extra UP-TO-DATE
> Task :neoFormRecompile UP-TO-DATE
> Task :neoFormPackRecomp UP-TO-DATE
> Task :supplyRawJarForneoFormJoined1.21.4-20241203.161809 UP-TO-DATE
> Task :selectRawArtifactNg_dummy_ng.net.neoforged_neoforge_21.4.140 UP-TO-DATE

> Task :compileJava
./gradlew : C:\Users\lsmor\
OneDrive\Desktop\7dtm Mod 
Development Workspace\src\m
ain\java\com\sevendaystomin
ecraft\magazine\MagazineIte
m.java:7: error: cannot 
find symbol
At line:1 char:1
+ ./gradlew compileJava > 
build_errors.txt 2>&1
+ ~~~~~~~~~~~~~~~~~~~~~~~~~
~~~~~~~~~~~~~~~~~~~~
    + CategoryInfo         
     : NotSpecified: (C:\  
  Users\lsmor\...not fin   
 d symbol:String) [], R    
emoteException
    + FullyQualifiedErrorI 
   d : NativeCommandError
 
import net.minecraft.client
.renderer.BlockEntityWithou
tLevelRenderer;
                           
         ^
  symbol:   class BlockEnti
tyWithoutLevelRenderer
  location: package net.min
ecraft.client.renderer
C:\Users\lsmor\OneDrive\Des
ktop\7dtm Mod Development W
orkspace\src\main\java\com\
sevendaystominecraft\client
\model\MagazineModel.java:8
: error: MagazineModel is 
not abstract and does not 
override abstract method ge
tTextureResource(MagazineIt
em,GeoRenderer<MagazineItem
>) in GeoModel
public class MagazineModel 
extends 
GeoModel<MagazineItem> {
       ^
C:\Users\lsmor\OneDrive\Des
ktop\7dtm Mod Development W
orkspace\src\main\java\com\
sevendaystominecraft\client
\model\MagazineModel.java:9
: error: method does not 
override or implement a 
method from a supertype
    @Override
    ^
C:\Users\lsmor\OneDrive\Des
ktop\7dtm Mod Development W
orkspace\src\main\java\com\
sevendaystominecraft\client
\model\MagazineModel.java:1
4: error: method does not 
override or implement a 
method from a supertype
    @Override
    ^
C:\Users\lsmor\OneDrive\Des
ktop\7dtm Mod Development W
orkspace\src\main\java\com\
sevendaystominecraft\magazi
ne\MagazineItem.java:129: 
error: method does not 
override or implement a 
method from a supertype
    @Override
    ^
C:\Users\lsmor\OneDrive\Des
ktop\7dtm Mod Development W
orkspace\src\main\java\com\
sevendaystominecraft\magazi
ne\MagazineItem.java:135: 
error: cannot find symbol
            public BlockEnt
ityWithoutLevelRenderer 
getCustomRenderer() {
                   ^
  symbol: class BlockEntity
WithoutLevelRenderer
C:\Users\lsmor\OneDrive\Des
ktop\7dtm Mod Development W
orkspace\src\main\java\com\
sevendaystominecraft\magazi
ne\MagazineItem.java:134: 
error: method does not 
override or implement a 
method from a supertype
            @Override
            ^
Note: Some input files use 
or override a deprecated 
API.
Note: Recompile with 
-Xlint:deprecation for 
details.
7 errors

> Task :compileJava FAILED


FAILURE: Build failed with 
an exception.

[Incubating] Problems report is available at: file:///C:/Users/lsmor/OneDrive/Desktop/7dtm%20Mod%20Development%20Workspace/build/reports/problems/problems-report.html
* What went wrong:
Execution failed for task 
':compileJava'.
> Compilation failed; see 
the compiler output below.
  C:\Users\lsmor\OneDrive\D
esktop\7dtm Mod 
Development Workspace\src\m
ain\java\com\sevendaystomin
ecraft\magazine\MagazineIte
m.java:7: error: cannot 
find symbol
  import net.minecraft.clie
nt.renderer.BlockEntityWith
outLevelRenderer;
                           
           ^
    symbol:   class BlockEn
tityWithoutLevelRenderer
    location: package net.m
inecraft.client.renderer
  C:\Users\lsmor\OneDrive\D
esktop\7dtm Mod 
Development Workspace\src\m
ain\java\com\sevendaystomin
ecraft\client\model\Magazin
eModel.java:8: error: 
MagazineModel is not 
abstract and does not 
override abstract method ge
tTextureResource(MagazineIt
em,GeoRenderer<MagazineItem
>) in GeoModel
  public class 
MagazineModel extends 
GeoModel<MagazineItem> {
         ^
  C:\Users\lsmor\OneDrive\D
esktop\7dtm Mod 
Development Workspace\src\m
ain\java\com\sevendaystomin
ecraft\client\model\Magazin
eModel.java:9: error: 
method does not override 
or implement a method from 
a supertype
      @Override
      ^
  C:\Users\lsmor\OneDrive\D
esktop\7dtm Mod 
Development Workspace\src\m
ain\java\com\sevendaystomin
ecraft\client\model\Magazin
eModel.java:14: error: 
method does not override 
or implement a method from 
a supertype
      @Override
      ^
  C:\Users\lsmor\OneDrive\D
esktop\7dtm Mod 
Development Workspace\src\m
ain\java\com\sevendaystomin
ecraft\magazine\MagazineIte
m.java:129: error: method 
does not override or 
implement a method from a 
supertype
      @Override
      ^
  C:\Users\lsmor\OneDrive\D
esktop\7dtm Mod 
Development Workspace\src\m
ain\java\com\sevendaystomin
ecraft\magazine\MagazineIte
m.java:135: error: cannot 
find symbol
              public BlockE
ntityWithoutLevelRenderer 
getCustomRenderer() {
                     ^
    symbol: class BlockEnti
tyWithoutLevelRenderer
  C:\Users\lsmor\OneDrive\D
esktop\7dtm Mod 
Development Workspace\src\m
ain\java\com\sevendaystomin
ecraft\magazine\MagazineIte
m.java:134: error: method 
does not override or 
implement a method from a 
supertype
              @Override
              ^
  Note: Some input files 
use or override a 
deprecated API.
  Note: Recompile with 
-Xlint:deprecation for 
details.
  7 errors

* Try:
> Check your code and 
dependencies to fix the 
compilation error(s)
> Run with --scan to get 
full insights.

Deprecated Gradle features were used in this build, making it incompatible with Gradle 9.0.

You can use '--warning-mode all' to show the individual deprecation warnings and determine if they come from your own scripts or plugins.


BUILD FAILED in 9s
For more on this, please refer to https://docs.gradle.org/8.13/userguide/command_line_interface.html#sec:command_line_warnings in the Gradle documentation.
27 actionable tasks: 1 executed, 26 up-to-date
